// Jest Snapshot v1, https://goo.gl/fbAQLP

exports[`should render EditExpensePage correctly 1`] = `
<div
  className="page-header"
>
  <div
    className="content-container"
  >
    <h1
      className="page-header__title"
    >
      Edit Expense
    </h1>
    <ExpenseForm
      expense={
        Object {
          "amount": 195,
          "createdAt": 0,
          "description": "Gum",
          "id": "1",
          "note": "",
        }
      }
      onSubmit={[Function]}
    />
    <div
      className="button-group"
    >
      <button
        className="button"
      >
        Save Changes
      </button>
      <button
        className="button--remove"
        onClick={[Function]}
      >
        Remove Expense
      </button>
    </div>
  </div>
</div>
`;
