// Jest Snapshot v1, https://goo.gl/fbAQLP

exports[`should render ExpenseListItem 1`] = `
<Link
  className="ExpenseListItem"
  replace={false}
  to="/edit/1"
>
  <div>
    <h3
      className="ExpenseListItem__title"
    >
      Gum
    </h3>
    <span
      className="ExpenseListItem__subtitle"
    >
      December 31st, 1969
    </span>
  </div>
  <div>
    <h3
      className="ExpenseListItem__data"
    >
      $1.95
    </h3>
  </div>
</Link>
`;
