// Jest Snapshot v1, https://goo.gl/fbAQLP

exports[`should render Loader correctly 1`] = `
<div
  className="Loader"
>
  <img
    className="Loader__image"
    src="/images/loader.gif"
  />
</div>
`;
